2026-02-18 06:28:28 [INFO] Log file: .\training_20260218_062828.log
2026-02-18 06:28:28 [INFO] Device: cuda
2026-02-18 06:28:28 [INFO] GPU: NVIDIA GeForce RTX 3060, CUDA: 12.4, Memory: 12.0 GB
2026-02-18 06:28:28 [INFO] Config — Epochs: 100, Samples: 50, LR: 0.0001, Batch: 2, WeightDecay: 0.0001
2026-02-18 06:28:28 [INFO] Loading training data...
2026-02-18 06:28:28 [INFO] Loaded 1 samples
2026-02-18 06:28:29 [INFO] Optimizer: AdamW | Scheduler: CosineAnnealingLR
2026-02-18 06:28:29 [INFO] No checkpoint found. Starting fresh training.
2026-02-18 06:28:29 [INFO] Model parameters: 20,564,380
2026-02-18 06:28:29 [INFO] Starting training from epoch 1
2026-02-18 06:28:31 [DEBUG] Batch 0: 1 samples, calib length: 1
2026-02-18 06:28:31 [DEBUG] First calib keys: ['P2', 'R0_rect', 'Tr_velo_to_cam', 'Tr_radar_to_velo']
2026-02-18 06:28:31 [DEBUG] Target 0: 7 boxes, X=[9.5,15.9], Y=[-2.2,5.9]
2026-02-18 06:28:47 [DEBUG] Epoch 1 Batch 0: loss=9.4433 cls=0.7384 reg=1.1502 pos=37.0 voxels=54236
2026-02-18 06:28:47 [INFO] Epoch 1/100 — Loss: 9.4433 | RPN CLS: 0.7384 | RPN REG: 1.1502 | Pos Anchors: 37.0 | LR: 0.000100
2026-02-18 06:28:47 [INFO] Saving checkpoint at epoch 1...
2026-02-18 06:28:48 [INFO] Saved checkpoint_epoch_1.pth
2026-02-18 06:28:50 [DEBUG] Batch 0: 1 samples, calib length: 1
2026-02-18 06:28:50 [DEBUG] First calib keys: ['P2', 'R0_rect', 'Tr_velo_to_cam', 'Tr_radar_to_velo']
2026-02-18 06:28:50 [DEBUG] Target 0: 7 boxes, X=[9.5,15.9], Y=[-2.2,5.9]
2026-02-18 06:28:54 [DEBUG] Epoch 2 Batch 0: loss=8.9605 cls=0.7316 reg=1.0605 pos=37.0 voxels=54236
2026-02-18 06:28:54 [INFO] Epoch 2/100 — Loss: 8.9605 | RPN CLS: 0.7316 | RPN REG: 1.0605 | Pos Anchors: 37.0 | LR: 0.000223
2026-02-18 06:28:54 [INFO] Saving checkpoint at epoch 2...
2026-02-18 06:28:55 [INFO] Saved checkpoint_epoch_2.pth
2026-02-18 06:28:57 [DEBUG] Batch 0: 1 samples, calib length: 1
2026-02-18 06:28:57 [DEBUG] First calib keys: ['P2', 'R0_rect', 'Tr_velo_to_cam', 'Tr_radar_to_velo']
2026-02-18 06:28:57 [DEBUG] Target 0: 7 boxes, X=[9.5,15.9], Y=[-2.2,5.9]
2026-02-18 06:29:01 [DEBUG] Epoch 3 Batch 0: loss=8.5498 cls=0.7138 reg=0.9961 pos=37.0 voxels=54236
2026-02-18 06:29:01 [INFO] Epoch 3/100 — Loss: 8.5498 | RPN CLS: 0.7138 | RPN REG: 0.9961 | Pos Anchors: 37.0 | LR: 0.000593
2026-02-18 06:29:01 [INFO] Saving checkpoint at epoch 3...
2026-02-18 06:29:02 [INFO] Saved checkpoint_epoch_3.pth
2026-02-18 06:29:04 [DEBUG] Batch 0: 1 samples, calib length: 1
2026-02-18 06:29:04 [DEBUG] First calib keys: ['P2', 'R0_rect', 'Tr_velo_to_cam', 'Tr_radar_to_velo']
2026-02-18 06:29:04 [DEBUG] Target 0: 7 boxes, X=[9.5,15.9], Y=[-2.2,5.9]
2026-02-18 06:29:08 [DEBUG] Epoch 4 Batch 0: loss=8.0451 cls=0.6854 reg=0.9236 pos=37.0 voxels=54236
2026-02-18 06:29:08 [INFO] Epoch 4/100 — Loss: 8.0451 | RPN CLS: 0.6854 | RPN REG: 0.9236 | Pos Anchors: 37.0 | LR: 0.001209
2026-02-18 06:29:08 [INFO] Saving checkpoint at epoch 4...
2026-02-18 06:29:09 [INFO] Saved checkpoint_epoch_4.pth
2026-02-18 06:29:11 [DEBUG] Batch 0: 1 samples, calib length: 1
2026-02-18 06:29:11 [DEBUG] First calib keys: ['P2', 'R0_rect', 'Tr_velo_to_cam', 'Tr_radar_to_velo']
2026-02-18 06:29:11 [DEBUG] Target 0: 7 boxes, X=[9.5,15.9], Y=[-2.2,5.9]
2026-02-18 06:29:15 [DEBUG] Epoch 5 Batch 0: loss=7.6161 cls=0.6300 reg=0.8932 pos=37.0 voxels=54236
2026-02-18 06:29:15 [INFO] Epoch 5/100 — Loss: 7.6161 | RPN CLS: 0.6300 | RPN REG: 0.8932 | Pos Anchors: 37.0 | LR: 0.002071
2026-02-18 06:29:15 [INFO] Saving checkpoint at epoch 5...
2026-02-18 06:29:16 [INFO] Saved checkpoint_epoch_5.pth
2026-02-18 06:29:18 [DEBUG] Batch 0: 1 samples, calib length: 1
2026-02-18 06:29:18 [DEBUG] First calib keys: ['P2', 'R0_rect', 'Tr_velo_to_cam', 'Tr_radar_to_velo']
2026-02-18 06:29:18 [DEBUG] Target 0: 7 boxes, X=[9.5,15.9], Y=[-2.2,5.9]
2026-02-18 06:29:22 [DEBUG] Epoch 6 Batch 0: loss=7.1920 cls=0.5493 reg=0.8891 pos=37.0 voxels=54236
2026-02-18 06:29:22 [INFO] Epoch 6/100 — Loss: 7.1920 | RPN CLS: 0.5493 | RPN REG: 0.8891 | Pos Anchors: 37.0 | LR: 0.003177
2026-02-18 06:29:22 [INFO] Saving checkpoint at epoch 6...
2026-02-18 06:29:23 [INFO] Saved checkpoint_epoch_6.pth
2026-02-18 06:29:25 [DEBUG] Batch 0: 1 samples, calib length: 1
2026-02-18 06:29:25 [DEBUG] First calib keys: ['P2', 'R0_rect', 'Tr_velo_to_cam', 'Tr_radar_to_velo']
2026-02-18 06:29:25 [DEBUG] Target 0: 7 boxes, X=[9.5,15.9], Y=[-2.2,5.9]
2026-02-18 06:29:29 [DEBUG] Epoch 7 Batch 0: loss=6.2930 cls=0.4328 reg=0.8258 pos=37.0 voxels=54236
2026-02-18 06:29:29 [INFO] Epoch 7/100 — Loss: 6.2930 | RPN CLS: 0.4328 | RPN REG: 0.8258 | Pos Anchors: 37.0 | LR: 0.004527
2026-02-18 06:29:29 [INFO] Saving checkpoint at epoch 7...
2026-02-18 06:29:29 [INFO] Saved checkpoint_epoch_7.pth
2026-02-18 06:29:31 [DEBUG] Batch 0: 1 samples, calib length: 1
2026-02-18 06:29:31 [DEBUG] First calib keys: ['P2', 'R0_rect', 'Tr_velo_to_cam', 'Tr_radar_to_velo']
2026-02-18 06:29:31 [DEBUG] Target 0: 7 boxes, X=[9.5,15.9], Y=[-2.2,5.9]
2026-02-18 06:29:36 [DEBUG] Epoch 8 Batch 0: loss=5.5477 cls=0.3088 reg=0.8008 pos=37.0 voxels=54236
2026-02-18 06:29:36 [INFO] Epoch 8/100 — Loss: 5.5477 | RPN CLS: 0.3088 | RPN REG: 0.8008 | Pos Anchors: 37.0 | LR: 0.006120
2026-02-18 06:29:36 [INFO] Saving checkpoint at epoch 8...
2026-02-18 06:29:36 [INFO] Saved checkpoint_epoch_8.pth
2026-02-18 06:29:38 [DEBUG] Batch 0: 1 samples, calib length: 1
2026-02-18 06:29:38 [DEBUG] First calib keys: ['P2', 'R0_rect', 'Tr_velo_to_cam', 'Tr_radar_to_velo']
2026-02-18 06:29:38 [DEBUG] Target 0: 7 boxes, X=[9.5,15.9], Y=[-2.2,5.9]
2026-02-18 06:29:43 [DEBUG] Epoch 9 Batch 0: loss=4.7828 cls=0.1879 reg=0.7687 pos=37.0 voxels=54236
2026-02-18 06:29:43 [INFO] Epoch 9/100 — Loss: 4.7828 | RPN CLS: 0.1879 | RPN REG: 0.7687 | Pos Anchors: 37.0 | LR: 0.007953
2026-02-18 06:29:43 [INFO] Saving checkpoint at epoch 9...
2026-02-18 06:29:43 [INFO] Saved checkpoint_epoch_9.pth
2026-02-18 06:29:45 [DEBUG] Batch 0: 1 samples, calib length: 1
2026-02-18 06:29:45 [DEBUG] First calib keys: ['P2', 'R0_rect', 'Tr_velo_to_cam', 'Tr_radar_to_velo']
2026-02-18 06:29:45 [DEBUG] Target 0: 7 boxes, X=[9.5,15.9], Y=[-2.2,5.9]
2026-02-18 06:29:49 [DEBUG] Epoch 10 Batch 0: loss=4.4859 cls=0.1052 reg=0.7919 pos=37.0 voxels=54236
2026-02-18 06:29:49 [INFO] Epoch 10/100 — Loss: 4.4859 | RPN CLS: 0.1052 | RPN REG: 0.7919 | Pos Anchors: 37.0 | LR: 0.010025
2026-02-18 06:29:49 [INFO] Saving checkpoint at epoch 10...
2026-02-18 06:29:49 [INFO] Saved checkpoint_epoch_10.pth
2026-02-18 06:29:51 [DEBUG] Batch 0: 1 samples, calib length: 1
2026-02-18 06:29:51 [DEBUG] First calib keys: ['P2', 'R0_rect', 'Tr_velo_to_cam', 'Tr_radar_to_velo']
2026-02-18 06:29:51 [DEBUG] Target 0: 7 boxes, X=[9.5,15.9], Y=[-2.2,5.9]
2026-02-18 06:29:56 [DEBUG] Epoch 11 Batch 0: loss=4.0858 cls=0.0576 reg=0.7596 pos=37.0 voxels=54236
2026-02-18 06:29:56 [INFO] Epoch 11/100 — Loss: 4.0858 | RPN CLS: 0.0576 | RPN REG: 0.7596 | Pos Anchors: 37.0 | LR: 0.012333
2026-02-18 06:29:56 [INFO] Saving checkpoint at epoch 11...
2026-02-18 06:29:56 [INFO] Saved checkpoint_epoch_11.pth
2026-02-18 06:29:58 [DEBUG] Batch 0: 1 samples, calib length: 1
2026-02-18 06:29:58 [DEBUG] First calib keys: ['P2', 'R0_rect', 'Tr_velo_to_cam', 'Tr_radar_to_velo']
2026-02-18 06:29:58 [DEBUG] Target 0: 7 boxes, X=[9.5,15.9], Y=[-2.2,5.9]
2026-02-18 06:30:02 [DEBUG] Epoch 12 Batch 0: loss=3.6256 cls=0.0267 reg=0.6984 pos=37.0 voxels=54236
2026-02-18 06:30:02 [INFO] Epoch 12/100 — Loss: 3.6256 | RPN CLS: 0.0267 | RPN REG: 0.6984 | Pos Anchors: 37.0 | LR: 0.014877
2026-02-18 06:30:02 [INFO] Saving checkpoint at epoch 12...
2026-02-18 06:30:03 [INFO] Saved checkpoint_epoch_12.pth
2026-02-18 06:30:05 [DEBUG] Batch 0: 1 samples, calib length: 1
2026-02-18 06:30:05 [DEBUG] First calib keys: ['P2', 'R0_rect', 'Tr_velo_to_cam', 'Tr_radar_to_velo']
2026-02-18 06:30:05 [DEBUG] Target 0: 7 boxes, X=[9.5,15.9], Y=[-2.2,5.9]
2026-02-18 06:30:09 [DEBUG] Epoch 13 Batch 0: loss=3.4648 cls=0.0193 reg=0.6737 pos=37.0 voxels=54236
2026-02-18 06:30:09 [INFO] Epoch 13/100 — Loss: 3.4648 | RPN CLS: 0.0193 | RPN REG: 0.6737 | Pos Anchors: 37.0 | LR: 0.017652
2026-02-18 06:30:09 [INFO] Saving checkpoint at epoch 13...
2026-02-18 06:30:09 [INFO] Saved checkpoint_epoch_13.pth
2026-02-18 06:30:11 [DEBUG] Batch 0: 1 samples, calib length: 1
2026-02-18 06:30:11 [DEBUG] First calib keys: ['P2', 'R0_rect', 'Tr_velo_to_cam', 'Tr_radar_to_velo']
2026-02-18 06:30:11 [DEBUG] Target 0: 7 boxes, X=[9.5,15.9], Y=[-2.2,5.9]
2026-02-18 06:30:15 [DEBUG] Epoch 14 Batch 0: loss=3.2404 cls=0.0160 reg=0.6320 pos=37.0 voxels=54236
2026-02-18 06:30:15 [INFO] Epoch 14/100 — Loss: 3.2404 | RPN CLS: 0.0160 | RPN REG: 0.6320 | Pos Anchors: 37.0 | LR: 0.020657
2026-02-18 06:30:15 [INFO] Saving checkpoint at epoch 14...
2026-02-18 06:30:16 [INFO] Saved checkpoint_epoch_14.pth
2026-02-18 06:30:18 [DEBUG] Batch 0: 1 samples, calib length: 1
2026-02-18 06:30:18 [DEBUG] First calib keys: ['P2', 'R0_rect', 'Tr_velo_to_cam', 'Tr_radar_to_velo']
2026-02-18 06:30:18 [DEBUG] Target 0: 7 boxes, X=[9.5,15.9], Y=[-2.2,5.9]
2026-02-18 06:30:22 [DEBUG] Epoch 15 Batch 0: loss=2.8372 cls=0.0155 reg=0.5519 pos=37.0 voxels=54236
2026-02-18 06:30:22 [INFO] Epoch 15/100 — Loss: 2.8372 | RPN CLS: 0.0155 | RPN REG: 0.5519 | Pos Anchors: 37.0 | LR: 0.023888
2026-02-18 06:30:22 [INFO] Saving checkpoint at epoch 15...
2026-02-18 06:30:22 [INFO] Saved checkpoint_epoch_15.pth
2026-02-18 06:30:24 [DEBUG] Batch 0: 1 samples, calib length: 1
2026-02-18 06:30:24 [DEBUG] First calib keys: ['P2', 'R0_rect', 'Tr_velo_to_cam', 'Tr_radar_to_velo']
2026-02-18 06:30:24 [DEBUG] Target 0: 7 boxes, X=[9.5,15.9], Y=[-2.2,5.9]
2026-02-18 06:30:29 [DEBUG] Epoch 16 Batch 0: loss=2.3116 cls=0.0145 reg=0.4478 pos=37.0 voxels=54236
2026-02-18 06:30:29 [INFO] Epoch 16/100 — Loss: 2.3116 | RPN CLS: 0.0145 | RPN REG: 0.4478 | Pos Anchors: 37.0 | LR: 0.027343
2026-02-18 06:30:29 [INFO] Saving checkpoint at epoch 16...
2026-02-18 06:30:29 [INFO] Saved checkpoint_epoch_16.pth
2026-02-18 06:30:31 [DEBUG] Batch 0: 1 samples, calib length: 1
2026-02-18 06:30:31 [DEBUG] First calib keys: ['P2', 'R0_rect', 'Tr_velo_to_cam', 'Tr_radar_to_velo']
2026-02-18 06:30:31 [DEBUG] Target 0: 7 boxes, X=[9.5,15.9], Y=[-2.2,5.9]
2026-02-18 06:30:35 [DEBUG] Epoch 17 Batch 0: loss=1.5917 cls=0.0178 reg=0.3006 pos=37.0 voxels=54236
2026-02-18 06:30:35 [INFO] Epoch 17/100 — Loss: 1.5917 | RPN CLS: 0.0178 | RPN REG: 0.3006 | Pos Anchors: 37.0 | LR: 0.031017
2026-02-18 06:30:35 [INFO] Saving checkpoint at epoch 17...
2026-02-18 06:30:36 [INFO] Saved checkpoint_epoch_17.pth
2026-02-18 06:30:38 [DEBUG] Batch 0: 1 samples, calib length: 1
2026-02-18 06:30:38 [DEBUG] First calib keys: ['P2', 'R0_rect', 'Tr_velo_to_cam', 'Tr_radar_to_velo']
2026-02-18 06:30:38 [DEBUG] Target 0: 7 boxes, X=[9.5,15.9], Y=[-2.2,5.9]
2026-02-18 06:30:42 [DEBUG] Epoch 18 Batch 0: loss=0.6556 cls=0.0154 reg=0.1157 pos=37.0 voxels=54236
2026-02-18 06:30:42 [INFO] Epoch 18/100 — Loss: 0.6556 | RPN CLS: 0.0154 | RPN REG: 0.1157 | Pos Anchors: 37.0 | LR: 0.034908
2026-02-18 06:30:42 [INFO] Saving checkpoint at epoch 18...
2026-02-18 06:30:42 [INFO] Saved checkpoint_epoch_18.pth
2026-02-18 06:30:44 [DEBUG] Batch 0: 1 samples, calib length: 1
2026-02-18 06:30:44 [DEBUG] First calib keys: ['P2', 'R0_rect', 'Tr_velo_to_cam', 'Tr_radar_to_velo']
2026-02-18 06:30:44 [DEBUG] Target 0: 7 boxes, X=[9.5,15.9], Y=[-2.2,5.9]
2026-02-18 06:30:48 [DEBUG] Epoch 19 Batch 0: loss=2.0750 cls=0.0253 reg=0.3897 pos=37.0 voxels=54236
2026-02-18 06:30:48 [INFO] Epoch 19/100 — Loss: 2.0750 | RPN CLS: 0.0253 | RPN REG: 0.3897 | Pos Anchors: 37.0 | LR: 0.039010
2026-02-18 06:30:48 [INFO] Saving checkpoint at epoch 19...
2026-02-18 06:30:49 [INFO] Saved checkpoint_epoch_19.pth
2026-02-18 06:30:51 [DEBUG] Batch 0: 1 samples, calib length: 1
2026-02-18 06:30:51 [DEBUG] First calib keys: ['P2', 'R0_rect', 'Tr_velo_to_cam', 'Tr_radar_to_velo']
2026-02-18 06:30:51 [DEBUG] Target 0: 7 boxes, X=[9.5,15.9], Y=[-2.2,5.9]
2026-02-18 06:30:55 [DEBUG] Epoch 20 Batch 0: loss=1.1533 cls=0.0159 reg=0.2148 pos=37.0 voxels=54236
2026-02-18 06:30:55 [INFO] Epoch 20/100 — Loss: 1.1533 | RPN CLS: 0.0159 | RPN REG: 0.2148 | Pos Anchors: 37.0 | LR: 0.043321
2026-02-18 06:30:55 [INFO] Saving checkpoint at epoch 20...
2026-02-18 06:30:55 [INFO] Saved checkpoint_epoch_20.pth
2026-02-18 06:30:57 [DEBUG] Batch 0: 1 samples, calib length: 1
2026-02-18 06:30:57 [DEBUG] First calib keys: ['P2', 'R0_rect', 'Tr_velo_to_cam', 'Tr_radar_to_velo']
2026-02-18 06:30:57 [DEBUG] Target 0: 7 boxes, X=[9.5,15.9], Y=[-2.2,5.9]
2026-02-18 06:31:02 [DEBUG] Epoch 21 Batch 0: loss=3.2599 cls=0.0242 reg=0.6278 pos=37.0 voxels=54236
2026-02-18 06:31:02 [INFO] Epoch 21/100 — Loss: 3.2599 | RPN CLS: 0.0242 | RPN REG: 0.6278 | Pos Anchors: 37.0 | LR: 0.047836
2026-02-18 06:31:02 [INFO] Saving checkpoint at epoch 21...
2026-02-18 06:31:02 [INFO] Saved checkpoint_epoch_21.pth
2026-02-18 06:31:04 [DEBUG] Batch 0: 1 samples, calib length: 1
2026-02-18 06:31:04 [DEBUG] First calib keys: ['P2', 'R0_rect', 'Tr_velo_to_cam', 'Tr_radar_to_velo']
2026-02-18 06:31:04 [DEBUG] Target 0: 7 boxes, X=[9.5,15.9], Y=[-2.2,5.9]
2026-02-18 06:31:08 [DEBUG] Epoch 22 Batch 0: loss=2.5535 cls=0.0244 reg=0.4863 pos=37.0 voxels=54236
2026-02-18 06:31:08 [INFO] Epoch 22/100 — Loss: 2.5535 | RPN CLS: 0.0244 | RPN REG: 0.4863 | Pos Anchors: 37.0 | LR: 0.052551
2026-02-18 06:31:08 [INFO] Saving checkpoint at epoch 22...
2026-02-18 06:31:08 [INFO] Saved checkpoint_epoch_22.pth
2026-02-18 06:31:10 [DEBUG] Batch 0: 1 samples, calib length: 1
2026-02-18 06:31:10 [DEBUG] First calib keys: ['P2', 'R0_rect', 'Tr_velo_to_cam', 'Tr_radar_to_velo']
2026-02-18 06:31:10 [DEBUG] Target 0: 7 boxes, X=[9.5,15.9], Y=[-2.2,5.9]
2026-02-18 06:31:14 [DEBUG] Epoch 23 Batch 0: loss=1.7166 cls=0.0189 reg=0.3244 pos=37.0 voxels=54236
2026-02-18 06:31:14 [INFO] Epoch 23/100 — Loss: 1.7166 | RPN CLS: 0.0189 | RPN REG: 0.3244 | Pos Anchors: 37.0 | LR: 0.057460
2026-02-18 06:31:14 [INFO] Saving checkpoint at epoch 23...
2026-02-18 06:31:14 [INFO] Saved checkpoint_epoch_23.pth
2026-02-18 06:31:16 [DEBUG] Batch 0: 1 samples, calib length: 1
2026-02-18 06:31:16 [DEBUG] First calib keys: ['P2', 'R0_rect', 'Tr_velo_to_cam', 'Tr_radar_to_velo']
2026-02-18 06:31:16 [DEBUG] Target 0: 7 boxes, X=[9.5,15.9], Y=[-2.2,5.9]
2026-02-18 06:31:21 [DEBUG] Epoch 24 Batch 0: loss=1.0313 cls=0.0196 reg=0.1866 pos=37.0 voxels=54236
2026-02-18 06:31:21 [INFO] Epoch 24/100 — Loss: 1.0313 | RPN CLS: 0.0196 | RPN REG: 0.1866 | Pos Anchors: 37.0 | LR: 0.062560
2026-02-18 06:31:21 [INFO] Saving checkpoint at epoch 24...
2026-02-18 06:31:21 [INFO] Saved checkpoint_epoch_24.pth
2026-02-18 06:31:23 [DEBUG] Batch 0: 1 samples, calib length: 1
2026-02-18 06:31:23 [DEBUG] First calib keys: ['P2', 'R0_rect', 'Tr_velo_to_cam', 'Tr_radar_to_velo']
2026-02-18 06:31:23 [DEBUG] Target 0: 7 boxes, X=[9.5,15.9], Y=[-2.2,5.9]
2026-02-18 06:31:27 [DEBUG] Epoch 25 Batch 0: loss=1.3946 cls=0.0201 reg=0.2588 pos=37.0 voxels=54236
2026-02-18 06:31:27 [INFO] Epoch 25/100 — Loss: 1.3946 | RPN CLS: 0.0201 | RPN REG: 0.2588 | Pos Anchors: 37.0 | LR: 0.067844
2026-02-18 06:31:27 [INFO] Saving checkpoint at epoch 25...
2026-02-18 06:31:28 [INFO] Saved checkpoint_epoch_25.pth
2026-02-18 06:31:30 [DEBUG] Batch 0: 1 samples, calib length: 1
2026-02-18 06:31:30 [DEBUG] First calib keys: ['P2', 'R0_rect', 'Tr_velo_to_cam', 'Tr_radar_to_velo']
2026-02-18 06:31:30 [DEBUG] Target 0: 7 boxes, X=[9.5,15.9], Y=[-2.2,5.9]
2026-02-18 06:31:34 [DEBUG] Epoch 26 Batch 0: loss=1.2892 cls=0.0194 reg=0.2384 pos=37.0 voxels=54236
2026-02-18 06:31:34 [INFO] Epoch 26/100 — Loss: 1.2892 | RPN CLS: 0.0194 | RPN REG: 0.2384 | Pos Anchors: 37.0 | LR: 0.073309
2026-02-18 06:31:34 [INFO] Saving checkpoint at epoch 26...
2026-02-18 06:31:34 [INFO] Saved checkpoint_epoch_26.pth
2026-02-18 06:31:36 [DEBUG] Batch 0: 1 samples, calib length: 1
2026-02-18 06:31:36 [DEBUG] First calib keys: ['P2', 'R0_rect', 'Tr_velo_to_cam', 'Tr_radar_to_velo']
2026-02-18 06:31:36 [DEBUG] Target 0: 7 boxes, X=[9.5,15.9], Y=[-2.2,5.9]
2026-02-18 06:31:40 [DEBUG] Epoch 27 Batch 0: loss=0.6954 cls=0.0184 reg=0.1206 pos=37.0 voxels=54236
2026-02-18 06:31:40 [INFO] Epoch 27/100 — Loss: 0.6954 | RPN CLS: 0.0184 | RPN REG: 0.1206 | Pos Anchors: 37.0 | LR: 0.078947
2026-02-18 06:31:40 [INFO] Saving checkpoint at epoch 27...
2026-02-18 06:31:40 [INFO] Saved checkpoint_epoch_27.pth
2026-02-18 06:31:42 [DEBUG] Batch 0: 1 samples, calib length: 1
2026-02-18 06:31:42 [DEBUG] First calib keys: ['P2', 'R0_rect', 'Tr_velo_to_cam', 'Tr_radar_to_velo']
2026-02-18 06:31:42 [DEBUG] Target 0: 7 boxes, X=[9.5,15.9], Y=[-2.2,5.9]
2026-02-18 06:31:47 [DEBUG] Epoch 28 Batch 0: loss=0.8209 cls=0.0171 reg=0.1471 pos=37.0 voxels=54236
2026-02-18 06:31:47 [INFO] Epoch 28/100 — Loss: 0.8209 | RPN CLS: 0.0171 | RPN REG: 0.1471 | Pos Anchors: 37.0 | LR: 0.084755
2026-02-18 06:31:47 [INFO] Saving checkpoint at epoch 28...
2026-02-18 06:31:47 [INFO] Saved checkpoint_epoch_28.pth
2026-02-18 06:31:49 [DEBUG] Batch 0: 1 samples, calib length: 1
2026-02-18 06:31:49 [DEBUG] First calib keys: ['P2', 'R0_rect', 'Tr_velo_to_cam', 'Tr_radar_to_velo']
2026-02-18 06:31:49 [DEBUG] Target 0: 7 boxes, X=[9.5,15.9], Y=[-2.2,5.9]
2026-02-18 06:31:53 [DEBUG] Epoch 29 Batch 0: loss=0.5867 cls=0.0167 reg=0.1006 pos=37.0 voxels=54236
2026-02-18 06:31:53 [INFO] Epoch 29/100 — Loss: 0.5867 | RPN CLS: 0.0167 | RPN REG: 0.1006 | Pos Anchors: 37.0 | LR: 0.090726
2026-02-18 06:31:53 [INFO] Saving checkpoint at epoch 29...
2026-02-18 06:31:53 [INFO] Saved checkpoint_epoch_29.pth
2026-02-18 06:31:55 [DEBUG] Batch 0: 1 samples, calib length: 1
2026-02-18 06:31:55 [DEBUG] First calib keys: ['P2', 'R0_rect', 'Tr_velo_to_cam', 'Tr_radar_to_velo']
2026-02-18 06:31:55 [DEBUG] Target 0: 7 boxes, X=[9.5,15.9], Y=[-2.2,5.9]
2026-02-18 06:31:59 [DEBUG] Epoch 30 Batch 0: loss=0.6770 cls=0.0182 reg=0.1172 pos=37.0 voxels=54236
2026-02-18 06:31:59 [INFO] Epoch 30/100 — Loss: 0.6770 | RPN CLS: 0.0182 | RPN REG: 0.1172 | Pos Anchors: 37.0 | LR: 0.096854
2026-02-18 06:31:59 [INFO] Saving checkpoint at epoch 30...
2026-02-18 06:31:59 [INFO] Saved checkpoint_epoch_30.pth
2026-02-18 06:32:01 [DEBUG] Batch 0: 1 samples, calib length: 1
2026-02-18 06:32:01 [DEBUG] First calib keys: ['P2', 'R0_rect', 'Tr_velo_to_cam', 'Tr_radar_to_velo']
2026-02-18 06:32:01 [DEBUG] Target 0: 7 boxes, X=[9.5,15.9], Y=[-2.2,5.9]
2026-02-18 06:32:05 [DEBUG] Epoch 31 Batch 0: loss=0.4684 cls=0.0160 reg=0.0777 pos=37.0 voxels=54236
2026-02-18 06:32:05 [INFO] Epoch 31/100 — Loss: 0.4684 | RPN CLS: 0.0160 | RPN REG: 0.0777 | Pos Anchors: 37.0 | LR: 0.103133
2026-02-18 06:32:05 [INFO] Saving checkpoint at epoch 31...
2026-02-18 06:32:06 [INFO] Saved checkpoint_epoch_31.pth
2026-02-18 06:32:08 [DEBUG] Batch 0: 1 samples, calib length: 1
2026-02-18 06:32:08 [DEBUG] First calib keys: ['P2', 'R0_rect', 'Tr_velo_to_cam', 'Tr_radar_to_velo']
2026-02-18 06:32:08 [DEBUG] Target 0: 7 boxes, X=[9.5,15.9], Y=[-2.2,5.9]
2026-02-18 06:32:12 [DEBUG] Epoch 32 Batch 0: loss=0.3193 cls=0.0152 reg=0.0487 pos=37.0 voxels=54236
2026-02-18 06:32:12 [INFO] Epoch 32/100 — Loss: 0.3193 | RPN CLS: 0.0152 | RPN REG: 0.0487 | Pos Anchors: 37.0 | LR: 0.109557
2026-02-18 06:32:12 [INFO] Saving checkpoint at epoch 32...
2026-02-18 06:32:12 [INFO] Saved checkpoint_epoch_32.pth
2026-02-18 06:32:14 [DEBUG] Batch 0: 1 samples, calib length: 1
2026-02-18 06:32:14 [DEBUG] First calib keys: ['P2', 'R0_rect', 'Tr_velo_to_cam', 'Tr_radar_to_velo']
2026-02-18 06:32:14 [DEBUG] Target 0: 7 boxes, X=[9.5,15.9], Y=[-2.2,5.9]
2026-02-18 06:32:18 [DEBUG] Epoch 33 Batch 0: loss=0.5565 cls=0.0162 reg=0.0951 pos=37.0 voxels=54236
2026-02-18 06:32:18 [INFO] Epoch 33/100 — Loss: 0.5565 | RPN CLS: 0.0162 | RPN REG: 0.0951 | Pos Anchors: 37.0 | LR: 0.116120
2026-02-18 06:32:18 [INFO] Saving checkpoint at epoch 33...
2026-02-18 06:32:18 [INFO] Saved checkpoint_epoch_33.pth
2026-02-18 06:32:20 [DEBUG] Batch 0: 1 samples, calib length: 1
2026-02-18 06:32:20 [DEBUG] First calib keys: ['P2', 'R0_rect', 'Tr_velo_to_cam', 'Tr_radar_to_velo']
2026-02-18 06:32:20 [DEBUG] Target 0: 7 boxes, X=[9.5,15.9], Y=[-2.2,5.9]
2026-02-18 06:32:24 [DEBUG] Epoch 34 Batch 0: loss=0.6000 cls=0.0138 reg=0.1062 pos=37.0 voxels=54236
2026-02-18 06:32:24 [INFO] Epoch 34/100 — Loss: 0.6000 | RPN CLS: 0.0138 | RPN REG: 0.1062 | Pos Anchors: 37.0 | LR: 0.122815
2026-02-18 06:32:24 [INFO] Saving checkpoint at epoch 34...
2026-02-18 06:32:25 [INFO] Saved checkpoint_epoch_34.pth
2026-02-18 06:32:27 [DEBUG] Batch 0: 1 samples, calib length: 1
2026-02-18 06:32:27 [DEBUG] First calib keys: ['P2', 'R0_rect', 'Tr_velo_to_cam', 'Tr_radar_to_velo']
2026-02-18 06:32:27 [DEBUG] Target 0: 7 boxes, X=[9.5,15.9], Y=[-2.2,5.9]
2026-02-18 06:32:31 [DEBUG] Epoch 35 Batch 0: loss=0.4229 cls=0.0144 reg=0.0702 pos=37.0 voxels=54236
2026-02-18 06:32:31 [INFO] Epoch 35/100 — Loss: 0.4229 | RPN CLS: 0.0144 | RPN REG: 0.0702 | Pos Anchors: 37.0 | LR: 0.129636
2026-02-18 06:32:31 [INFO] Saving checkpoint at epoch 35...
2026-02-18 06:32:31 [INFO] Saved checkpoint_epoch_35.pth
2026-02-18 06:32:33 [DEBUG] Batch 0: 1 samples, calib length: 1
2026-02-18 06:32:33 [DEBUG] First calib keys: ['P2', 'R0_rect', 'Tr_velo_to_cam', 'Tr_radar_to_velo']
2026-02-18 06:32:33 [DEBUG] Target 0: 7 boxes, X=[9.5,15.9], Y=[-2.2,5.9]
2026-02-18 06:32:37 [DEBUG] Epoch 36 Batch 0: loss=0.5609 cls=0.0146 reg=0.0975 pos=37.0 voxels=54236
2026-02-18 06:32:38 [INFO] Epoch 36/100 — Loss: 0.5609 | RPN CLS: 0.0146 | RPN REG: 0.0975 | Pos Anchors: 37.0 | LR: 0.136575
2026-02-18 06:32:38 [INFO] Saving checkpoint at epoch 36...
2026-02-18 06:32:38 [INFO] Saved checkpoint_epoch_36.pth
2026-02-18 06:32:40 [DEBUG] Batch 0: 1 samples, calib length: 1
2026-02-18 06:32:40 [DEBUG] First calib keys: ['P2', 'R0_rect', 'Tr_velo_to_cam', 'Tr_radar_to_velo']
2026-02-18 06:32:40 [DEBUG] Target 0: 7 boxes, X=[9.5,15.9], Y=[-2.2,5.9]
2026-02-18 06:32:44 [DEBUG] Epoch 37 Batch 0: loss=0.4359 cls=0.0132 reg=0.0740 pos=37.0 voxels=54236
2026-02-18 06:32:44 [INFO] Epoch 37/100 — Loss: 0.4359 | RPN CLS: 0.0132 | RPN REG: 0.0740 | Pos Anchors: 37.0 | LR: 0.143626
2026-02-18 06:32:44 [INFO] Saving checkpoint at epoch 37...
2026-02-18 06:32:45 [INFO] Saved checkpoint_epoch_37.pth
2026-02-18 06:32:47 [DEBUG] Batch 0: 1 samples, calib length: 1
2026-02-18 06:32:47 [DEBUG] First calib keys: ['P2', 'R0_rect', 'Tr_velo_to_cam', 'Tr_radar_to_velo']
2026-02-18 06:32:47 [DEBUG] Target 0: 7 boxes, X=[9.5,15.9], Y=[-2.2,5.9]
2026-02-18 06:32:51 [DEBUG] Epoch 38 Batch 0: loss=0.6988 cls=0.0125 reg=0.1272 pos=37.0 voxels=54236
2026-02-18 06:32:51 [INFO] Epoch 38/100 — Loss: 0.6988 | RPN CLS: 0.0125 | RPN REG: 0.1272 | Pos Anchors: 37.0 | LR: 0.150783
2026-02-18 06:32:51 [INFO] Saving checkpoint at epoch 38...
2026-02-18 06:32:51 [INFO] Saved checkpoint_epoch_38.pth
2026-02-18 06:32:53 [DEBUG] Batch 0: 1 samples, calib length: 1
2026-02-18 06:32:53 [DEBUG] First calib keys: ['P2', 'R0_rect', 'Tr_velo_to_cam', 'Tr_radar_to_velo']
2026-02-18 06:32:53 [DEBUG] Target 0: 7 boxes, X=[9.5,15.9], Y=[-2.2,5.9]
2026-02-18 06:32:57 [DEBUG] Epoch 39 Batch 0: loss=0.5306 cls=0.0138 reg=0.0923 pos=37.0 voxels=54236
2026-02-18 06:32:57 [INFO] Epoch 39/100 — Loss: 0.5306 | RPN CLS: 0.0138 | RPN REG: 0.0923 | Pos Anchors: 37.0 | LR: 0.158037
2026-02-18 06:32:57 [INFO] Saving checkpoint at epoch 39...
2026-02-18 06:32:58 [INFO] Saved checkpoint_epoch_39.pth
2026-02-18 06:33:00 [DEBUG] Batch 0: 1 samples, calib length: 1
2026-02-18 06:33:00 [DEBUG] First calib keys: ['P2', 'R0_rect', 'Tr_velo_to_cam', 'Tr_radar_to_velo']
2026-02-18 06:33:00 [DEBUG] Target 0: 7 boxes, X=[9.5,15.9], Y=[-2.2,5.9]
2026-02-18 06:33:04 [DEBUG] Epoch 40 Batch 0: loss=0.5104 cls=0.0121 reg=0.0899 pos=37.0 voxels=54236
2026-02-18 06:33:04 [INFO] Epoch 40/100 — Loss: 0.5104 | RPN CLS: 0.0121 | RPN REG: 0.0899 | Pos Anchors: 37.0 | LR: 0.165382
2026-02-18 06:33:04 [INFO] Saving checkpoint at epoch 40...
2026-02-18 06:33:04 [INFO] Saved checkpoint_epoch_40.pth
2026-02-18 06:33:06 [DEBUG] Batch 0: 1 samples, calib length: 1
2026-02-18 06:33:06 [DEBUG] First calib keys: ['P2', 'R0_rect', 'Tr_velo_to_cam', 'Tr_radar_to_velo']
2026-02-18 06:33:06 [DEBUG] Target 0: 7 boxes, X=[9.5,15.9], Y=[-2.2,5.9]
2026-02-18 06:33:10 [DEBUG] Epoch 41 Batch 0: loss=0.6172 cls=0.0121 reg=0.1113 pos=37.0 voxels=54236
2026-02-18 06:33:10 [INFO] Epoch 41/100 — Loss: 0.6172 | RPN CLS: 0.0121 | RPN REG: 0.1113 | Pos Anchors: 37.0 | LR: 0.172811
2026-02-18 06:33:10 [INFO] Saving checkpoint at epoch 41...
2026-02-18 06:33:10 [INFO] Saved checkpoint_epoch_41.pth
2026-02-18 06:33:13 [DEBUG] Batch 0: 1 samples, calib length: 1
2026-02-18 06:33:13 [DEBUG] First calib keys: ['P2', 'R0_rect', 'Tr_velo_to_cam', 'Tr_radar_to_velo']
2026-02-18 06:33:13 [DEBUG] Target 0: 7 boxes, X=[9.5,15.9], Y=[-2.2,5.9]
2026-02-18 06:33:17 [DEBUG] Epoch 42 Batch 0: loss=0.4797 cls=0.0122 reg=0.0837 pos=37.0 voxels=54236
2026-02-18 06:33:17 [INFO] Epoch 42/100 — Loss: 0.4797 | RPN CLS: 0.0122 | RPN REG: 0.0837 | Pos Anchors: 37.0 | LR: 0.180316
2026-02-18 06:33:17 [INFO] Saving checkpoint at epoch 42...
2026-02-18 06:33:17 [INFO] Saved checkpoint_epoch_42.pth
2026-02-18 06:33:19 [DEBUG] Batch 0: 1 samples, calib length: 1
2026-02-18 06:33:19 [DEBUG] First calib keys: ['P2', 'R0_rect', 'Tr_velo_to_cam', 'Tr_radar_to_velo']
2026-02-18 06:33:19 [DEBUG] Target 0: 7 boxes, X=[9.5,15.9], Y=[-2.2,5.9]
2026-02-18 06:33:23 [DEBUG] Epoch 43 Batch 0: loss=0.6312 cls=0.0129 reg=0.1133 pos=37.0 voxels=54236
2026-02-18 06:33:23 [INFO] Epoch 43/100 — Loss: 0.6312 | RPN CLS: 0.0129 | RPN REG: 0.1133 | Pos Anchors: 37.0 | LR: 0.187890
2026-02-18 06:33:23 [INFO] Saving checkpoint at epoch 43...
2026-02-18 06:33:24 [INFO] Saved checkpoint_epoch_43.pth
2026-02-18 06:33:26 [DEBUG] Batch 0: 1 samples, calib length: 1
2026-02-18 06:33:26 [DEBUG] First calib keys: ['P2', 'R0_rect', 'Tr_velo_to_cam', 'Tr_radar_to_velo']
2026-02-18 06:33:26 [DEBUG] Target 0: 7 boxes, X=[9.5,15.9], Y=[-2.2,5.9]
2026-02-18 06:33:30 [DEBUG] Epoch 44 Batch 0: loss=0.3043 cls=0.0117 reg=0.0492 pos=37.0 voxels=54236
2026-02-18 06:33:30 [INFO] Epoch 44/100 — Loss: 0.3043 | RPN CLS: 0.0117 | RPN REG: 0.0492 | Pos Anchors: 37.0 | LR: 0.195525
2026-02-18 06:33:30 [INFO] Saving checkpoint at epoch 44...
2026-02-18 06:33:30 [INFO] Saved checkpoint_epoch_44.pth
2026-02-18 06:33:32 [DEBUG] Batch 0: 1 samples, calib length: 1
2026-02-18 06:33:32 [DEBUG] First calib keys: ['P2', 'R0_rect', 'Tr_velo_to_cam', 'Tr_radar_to_velo']
2026-02-18 06:33:32 [DEBUG] Target 0: 7 boxes, X=[9.5,15.9], Y=[-2.2,5.9]
2026-02-18 06:33:36 [DEBUG] Epoch 45 Batch 0: loss=0.7222 cls=0.0106 reg=0.1338 pos=37.0 voxels=54236
2026-02-18 06:33:36 [INFO] Epoch 45/100 — Loss: 0.7222 | RPN CLS: 0.0106 | RPN REG: 0.1338 | Pos Anchors: 37.0 | LR: 0.203214
2026-02-18 06:33:36 [INFO] Saving checkpoint at epoch 45...
2026-02-18 06:33:37 [INFO] Saved checkpoint_epoch_45.pth
2026-02-18 06:33:39 [DEBUG] Batch 0: 1 samples, calib length: 1
2026-02-18 06:33:39 [DEBUG] First calib keys: ['P2', 'R0_rect', 'Tr_velo_to_cam', 'Tr_radar_to_velo']
2026-02-18 06:33:39 [DEBUG] Target 0: 7 boxes, X=[9.5,15.9], Y=[-2.2,5.9]
2026-02-18 06:33:43 [DEBUG] Epoch 46 Batch 0: loss=0.9077 cls=0.0106 reg=0.1710 pos=37.0 voxels=54236
2026-02-18 06:33:43 [INFO] Epoch 46/100 — Loss: 0.9077 | RPN CLS: 0.0106 | RPN REG: 0.1710 | Pos Anchors: 37.0 | LR: 0.210949
2026-02-18 06:33:43 [INFO] Saving checkpoint at epoch 46...
2026-02-18 06:33:43 [INFO] Saved checkpoint_epoch_46.pth
2026-02-18 06:33:45 [DEBUG] Batch 0: 1 samples, calib length: 1
2026-02-18 06:33:45 [DEBUG] First calib keys: ['P2', 'R0_rect', 'Tr_velo_to_cam', 'Tr_radar_to_velo']
2026-02-18 06:33:45 [DEBUG] Target 0: 7 boxes, X=[9.5,15.9], Y=[-2.2,5.9]
2026-02-18 06:33:50 [DEBUG] Epoch 47 Batch 0: loss=0.8167 cls=0.0122 reg=0.1511 pos=37.0 voxels=54236
2026-02-18 06:33:50 [INFO] Epoch 47/100 — Loss: 0.8167 | RPN CLS: 0.0122 | RPN REG: 0.1511 | Pos Anchors: 37.0 | LR: 0.218723
2026-02-18 06:33:50 [INFO] Saving checkpoint at epoch 47...
2026-02-18 06:33:50 [INFO] Saved checkpoint_epoch_47.pth
2026-02-18 06:33:52 [DEBUG] Batch 0: 1 samples, calib length: 1
2026-02-18 06:33:52 [DEBUG] First calib keys: ['P2', 'R0_rect', 'Tr_velo_to_cam', 'Tr_radar_to_velo']
2026-02-18 06:33:52 [DEBUG] Target 0: 7 boxes, X=[9.5,15.9], Y=[-2.2,5.9]
